Archive member included to satisfy reference by file (symbol)

/home/thanhlt/Ac6/SystemWorkbench/plugins/fr.ac6.mcu.externaltools.arm-none.linux64_1.17.0.201812190825/tools/compiler/bin/../lib/gcc/arm-none-eabi/7.3.1/thumb/v6-m/libgcc.a(_udivsi3.o)
                              Core/Src/system_stm32l0xx.o (__aeabi_uidiv)
/home/thanhlt/Ac6/SystemWorkbench/plugins/fr.ac6.mcu.externaltools.arm-none.linux64_1.17.0.201812190825/tools/compiler/bin/../lib/gcc/arm-none-eabi/7.3.1/thumb/v6-m/libgcc.a(_dvmd_tls.o)
                              /home/thanhlt/Ac6/SystemWorkbench/plugins/fr.ac6.mcu.externaltools.arm-none.linux64_1.17.0.201812190825/tools/compiler/bin/../lib/gcc/arm-none-eabi/7.3.1/thumb/v6-m/libgcc.a(_udivsi3.o) (__aeabi_idiv0)
/home/thanhlt/Ac6/SystemWorkbench/plugins/fr.ac6.mcu.externaltools.arm-none.linux64_1.17.0.201812190825/tools/compiler/bin/../lib/gcc/arm-none-eabi/7.3.1/thumb/v6-m/libgcc.a(_fixunsdfsi.o)
                              Core/Src/sx1276/lora.o (__aeabi_d2uiz)
/home/thanhlt/Ac6/SystemWorkbench/plugins/fr.ac6.mcu.externaltools.arm-none.linux64_1.17.0.201812190825/tools/compiler/bin/../lib/gcc/arm-none-eabi/7.3.1/thumb/v6-m/libgcc.a(divdf3.o)
                              Core/Src/sx1276/lora.o (__aeabi_ddiv)
/home/thanhlt/Ac6/SystemWorkbench/plugins/fr.ac6.mcu.externaltools.arm-none.linux64_1.17.0.201812190825/tools/compiler/bin/../lib/gcc/arm-none-eabi/7.3.1/thumb/v6-m/libgcc.a(muldf3.o)
                              Core/Src/sx1276/lora.o (__aeabi_dmul)
/home/thanhlt/Ac6/SystemWorkbench/plugins/fr.ac6.mcu.externaltools.arm-none.linux64_1.17.0.201812190825/tools/compiler/bin/../lib/gcc/arm-none-eabi/7.3.1/thumb/v6-m/libgcc.a(subdf3.o)
                              /home/thanhlt/Ac6/SystemWorkbench/plugins/fr.ac6.mcu.externaltools.arm-none.linux64_1.17.0.201812190825/tools/compiler/bin/../lib/gcc/arm-none-eabi/7.3.1/thumb/v6-m/libgcc.a(_fixunsdfsi.o) (__aeabi_dsub)
/home/thanhlt/Ac6/SystemWorkbench/plugins/fr.ac6.mcu.externaltools.arm-none.linux64_1.17.0.201812190825/tools/compiler/bin/../lib/gcc/arm-none-eabi/7.3.1/thumb/v6-m/libgcc.a(fixdfsi.o)
                              /home/thanhlt/Ac6/SystemWorkbench/plugins/fr.ac6.mcu.externaltools.arm-none.linux64_1.17.0.201812190825/tools/compiler/bin/../lib/gcc/arm-none-eabi/7.3.1/thumb/v6-m/libgcc.a(_fixunsdfsi.o) (__aeabi_d2iz)
/home/thanhlt/Ac6/SystemWorkbench/plugins/fr.ac6.mcu.externaltools.arm-none.linux64_1.17.0.201812190825/tools/compiler/bin/../lib/gcc/arm-none-eabi/7.3.1/thumb/v6-m/libgcc.a(floatunsidf.o)
                              Core/Src/sx1276/lora.o (__aeabi_ui2d)
/home/thanhlt/Ac6/SystemWorkbench/plugins/fr.ac6.mcu.externaltools.arm-none.linux64_1.17.0.201812190825/tools/compiler/bin/../lib/gcc/arm-none-eabi/7.3.1/thumb/v6-m/libgcc.a(_arm_cmpdf2.o)
                              /home/thanhlt/Ac6/SystemWorkbench/plugins/fr.ac6.mcu.externaltools.arm-none.linux64_1.17.0.201812190825/tools/compiler/bin/../lib/gcc/arm-none-eabi/7.3.1/thumb/v6-m/libgcc.a(_fixunsdfsi.o) (__aeabi_dcmpge)
/home/thanhlt/Ac6/SystemWorkbench/plugins/fr.ac6.mcu.externaltools.arm-none.linux64_1.17.0.201812190825/tools/compiler/bin/../lib/gcc/arm-none-eabi/7.3.1/thumb/v6-m/libgcc.a(_clzsi2.o)
                              /home/thanhlt/Ac6/SystemWorkbench/plugins/fr.ac6.mcu.externaltools.arm-none.linux64_1.17.0.201812190825/tools/compiler/bin/../lib/gcc/arm-none-eabi/7.3.1/thumb/v6-m/libgcc.a(divdf3.o) (__clzsi2)
/home/thanhlt/Ac6/SystemWorkbench/plugins/fr.ac6.mcu.externaltools.arm-none.linux64_1.17.0.201812190825/tools/compiler/bin/../lib/gcc/arm-none-eabi/7.3.1/thumb/v6-m/libgcc.a(eqdf2.o)
                              /home/thanhlt/Ac6/SystemWorkbench/plugins/fr.ac6.mcu.externaltools.arm-none.linux64_1.17.0.201812190825/tools/compiler/bin/../lib/gcc/arm-none-eabi/7.3.1/thumb/v6-m/libgcc.a(_arm_cmpdf2.o) (__eqdf2)
/home/thanhlt/Ac6/SystemWorkbench/plugins/fr.ac6.mcu.externaltools.arm-none.linux64_1.17.0.201812190825/tools/compiler/bin/../lib/gcc/arm-none-eabi/7.3.1/thumb/v6-m/libgcc.a(gedf2.o)
                              /home/thanhlt/Ac6/SystemWorkbench/plugins/fr.ac6.mcu.externaltools.arm-none.linux64_1.17.0.201812190825/tools/compiler/bin/../lib/gcc/arm-none-eabi/7.3.1/thumb/v6-m/libgcc.a(_arm_cmpdf2.o) (__gedf2)
/home/thanhlt/Ac6/SystemWorkbench/plugins/fr.ac6.mcu.externaltools.arm-none.linux64_1.17.0.201812190825/tools/compiler/bin/../lib/gcc/arm-none-eabi/7.3.1/thumb/v6-m/libgcc.a(ledf2.o)
                              /home/thanhlt/Ac6/SystemWorkbench/plugins/fr.ac6.mcu.externaltools.arm-none.linux64_1.17.0.201812190825/tools/compiler/bin/../lib/gcc/arm-none-eabi/7.3.1/thumb/v6-m/libgcc.a(_arm_cmpdf2.o) (__ledf2)
/home/thanhlt/Ac6/SystemWorkbench/plugins/fr.ac6.mcu.externaltools.arm-none.linux64_1.17.0.201812190825/tools/compiler/bin/../lib/gcc/arm-none-eabi/7.3.1/../../../../arm-none-eabi/lib/thumb/v6-m/libc_nano.a(lib_a-errno.o)
                              Core/Src/syscalls.o (__errno)
[...]
Memory Configuration

Name             Origin             Length             Attributes
RAM              0x0000000020000000 0x0000000000005000 xrw
FLASH            0x0000000008000000 0x0000000000020000 xr
*default*        0x0000000000000000 0xffffffffffffffff

Linker script and memory map

LOAD /home/thanhlt/Ac6/SystemWorkbench/plugins/fr.ac6.mcu.externaltools.arm-none.linux64_1.17.0.201812190825/tools/compiler/bin/../lib/gcc/arm-none-eabi/7.3.1/thumb/v6-m/crti.o
LOAD /home/thanhlt/Ac6/SystemWorkbench/plugins/fr.ac6.mcu.externaltools.arm-none.linux64_1.17.0.201812190825/tools/compiler/bin/../lib/gcc/arm-none-eabi/7.3.1/thumb/v6-m/crtbegin.o
LOAD /home/thanhlt/Ac6/SystemWorkbench/plugins/fr.ac6.mcu.externaltools.arm-none.linux64_1.17.0.201812190825/tools/compiler/bin/../lib/gcc/arm-none-eabi/7.3.1/../../../../arm-none-eabi/lib/thumb/v6-m/crt0.o
LOAD Core/Src/gpio.o
LOAD Core/Src/main.o
LOAD Core/Src/rtc.o
LOAD Core/Src/spi.o
LOAD Core/Src/stm32l0xx_hal_msp.o
LOAD Core/Src/stm32l0xx_it.o
LOAD Core/Src/syscalls.o
LOAD Core/Src/system_stm32l0xx.o
LOAD Core/Src/sx1276/lora.o
LOAD Drivers/STM32L0xx_HAL_Driver/Src/stm32l0xx_hal.o
LOAD Drivers/STM32L0xx_HAL_Driver/Src/stm32l0xx_hal_cortex.o
LOAD Drivers/STM32L0xx_HAL_Driver/Src/stm32l0xx_hal_dma.o
LOAD Drivers/STM32L0xx_HAL_Driver/Src/stm32l0xx_hal_flash.o
LOAD Drivers/STM32L0xx_HAL_Driver/Src/stm32l0xx_hal_flash_ex.o
LOAD Drivers/STM32L0xx_HAL_Driver/Src/stm32l0xx_hal_flash_ramfunc.o
LOAD Drivers/STM32L0xx_HAL_Driver/Src/stm32l0xx_hal_gpio.o
LOAD Drivers/STM32L0xx_HAL_Driver/Src/stm32l0xx_hal_i2c.o
LOAD Drivers/STM32L0xx_HAL_Driver/Src/stm32l0xx_hal_i2c_ex.o
LOAD Drivers/STM32L0xx_HAL_Driver/Src/stm32l0xx_hal_pwr.o
LOAD Drivers/STM32L0xx_HAL_Driver/Src/stm32l0xx_hal_pwr_ex.o
LOAD Drivers/STM32L0xx_HAL_Driver/Src/stm32l0xx_hal_rcc.o
LOAD Drivers/STM32L0xx_HAL_Driver/Src/stm32l0xx_hal_rcc_ex.o
LOAD Drivers/STM32L0xx_HAL_Driver/Src/stm32l0xx_hal_rtc.o
LOAD Drivers/STM32L0xx_HAL_Driver/Src/stm32l0xx_hal_rtc_ex.o
LOAD Drivers/STM32L0xx_HAL_Driver/Src/stm32l0xx_hal_spi.o
LOAD Drivers/STM32L0xx_HAL_Driver/Src/stm32l0xx_hal_tim.o
LOAD Drivers/STM32L0xx_HAL_Driver/Src/stm32l0xx_hal_tim_ex.o
LOAD startup/startup_stm32l071xx.o
LOAD /home/thanhlt/Ac6/SystemWorkbench/plugins/fr.ac6.mcu.externaltools.arm-none.linux64_1.17.0.201812190825/tools/compiler/bin/../lib/gcc/arm-none-eabi/7.3.1/../../../../arm-none-eabi/lib/thumb/v6-m/libm.a
START GROUP
LOAD /home/thanhlt/Ac6/SystemWorkbench/plugins/fr.ac6.mcu.externaltools.arm-none.linux64_1.17.0.201812190825/tools/compiler/bin/../lib/gcc/arm-none-eabi/7.3.1/thumb/v6-m/libgcc.a
LOAD /home/thanhlt/Ac6/SystemWorkbench/plugins/fr.ac6.mcu.externaltools.arm-none.linux64_1.17.0.201812190825/tools/compiler/bin/../lib/gcc/arm-none-eabi/7.3.1/../../../../arm-none-eabi/lib/thumb/v6-m/libc_nano.a
END GROUP
START GROUP
LOAD /home/thanhlt/Ac6/SystemWorkbench/plugins/fr.ac6.mcu.externaltools.arm-none.linux64_1.17.0.201812190825/tools/compiler/bin/../lib/gcc/arm-none-eabi/7.3.1/thumb/v6-m/libgcc.a
LOAD /home/thanhlt/Ac6/SystemWorkbench/plugins/fr.ac6.mcu.externaltools.arm-none.linux64_1.17.0.201812190825/tools/compiler/bin/../lib/gcc/arm-none-eabi/7.3.1/../../../../arm-none-eabi/lib/thumb/v6-m/libc_nano.a
LOAD /home/thanhlt/Ac6/SystemWorkbench/plugins/fr.ac6.mcu.externaltools.arm-none.linux64_1.17.0.201812190825/tools/compiler/bin/../lib/gcc/arm-none-eabi/7.3.1/../../../../arm-none-eabi/lib/thumb/v6-m/libnosys.a
END GROUP
START GROUP
LOAD /home/thanhlt/Ac6/SystemWorkbench/plugins/fr.ac6.mcu.externaltools.arm-none.linux64_1.17.0.201812190825/tools/compiler/bin/../lib/gcc/arm-none-eabi/7.3.1/thumb/v6-m/libgcc.a
LOAD /home/thanhlt/Ac6/SystemWorkbench/plugins/fr.ac6.mcu.externaltools.arm-none.linux64_1.17.0.201812190825/tools/compiler/bin/../lib/gcc/arm-none-eabi/7.3.1/../../../../arm-none-eabi/lib/thumb/v6-m/libc_nano.a
LOAD /home/thanhlt/Ac6/SystemWorkbench/plugins/fr.ac6.mcu.externaltools.arm-none.linux64_1.17.0.201812190825/tools/compiler/bin/../lib/gcc/arm-none-eabi/7.3.1/../../../../arm-none-eabi/lib/thumb/v6-m/libnosys.a
END GROUP
LOAD /home/thanhlt/Ac6/SystemWorkbench/plugins/fr.ac6.mcu.externaltools.arm-none.linux64_1.17.0.201812190825/tools/compiler/bin/../lib/gcc/arm-none-eabi/7.3.1/thumb/v6-m/crtend.o
LOAD /home/thanhlt/Ac6/SystemWorkbench/plugins/fr.ac6.mcu.externaltools.arm-none.linux64_1.17.0.201812190825/tools/compiler/bin/../lib/gcc/arm-none-eabi/7.3.1/thumb/v6-m/crtn.o
                0x0000000020005000                _estack = 0x20005000
                0x0000000000000200                _Min_Heap_Size = 0x200
                0x0000000000000400                _Min_Stack_Size = 0x400

.isr_vector     0x0000000008000000       0xc0
                0x0000000008000000                . = ALIGN (0x4)
 *(.isr_vector)
 .isr_vector    0x0000000008000000       0xc0 startup/startup_stm32l071xx.o
                0x0000000008000000                g_pfnVectors
                0x00000000080000c0                . = ALIGN (0x4)

.text           0x00000000080000c0     0x3410
                0x00000000080000c0                . = ALIGN (0x4)
 *(.text)
 .text          0x00000000080000c0       0x48 /home/thanhlt/Ac6/SystemWorkbench/plugins/fr.ac6.mcu.externaltools.arm-none.linux64_1.17.0.201812190825/tools/compiler/bin/../lib/gcc/arm-none-eabi/7.3.1/thumb/v6-m/crtbegin.o
 .text          0x0000000008000108      0x114 /home/thanhlt/Ac6/SystemWorkbench/plugins/fr.ac6.mcu.externaltools.arm-none.linux64_1.17.0.201812190825/tools/compiler/bin/../lib/gcc/arm-none-eabi/7.3.1/thumb/v6-m/libgcc.a(_udivsi3.o)
                0x0000000008000108                __udivsi3
                0x0000000008000108                __aeabi_uidiv
                0x0000000008000214                __aeabi_uidivmod
 .text          0x000000000800021c        0x4 /home/thanhlt/Ac6/SystemWorkbench/plugins/fr.ac6.mcu.externaltools.arm-none.linux64_1.17.0.201812190825/tools/compiler/bin/../lib/gcc/arm-none-eabi/7.3.1/thumb/v6-m/libgcc.a(_dvmd_tls.o)
                0x000000000800021c                __aeabi_ldiv0
                0x000000000800021c                __aeabi_idiv0
 .text          0x0000000008000220       0x3c /home/thanhlt/Ac6/SystemWorkbench/plugins/fr.ac6.mcu.externaltools.arm-none.linux64_1.17.0.201812190825/tools/compiler/bin/../lib/gcc/arm-none-eabi/7.3.1/thumb/v6-m/libgcc.a(_fixunsdfsi.o)
                0x0000000008000220                __fixunsdfsi
                0x0000000008000220                __aeabi_d2uiz
 .text          0x000000000800025c      0x604 /home/thanhlt/Ac6/SystemWorkbench/plugins/fr.ac6.mcu.externaltools.arm-none.linux64_1.17.0.201812190825/tools/compiler/bin/../lib/gcc/arm-none-eabi/7.3.1/thumb/v6-m/libgcc.a(divdf3.o)
                0x000000000800025c                __aeabi_ddiv
 .text          0x0000000008000860      0x4e4 /home/thanhlt/Ac6/SystemWorkbench/plugins/fr.ac6.mcu.externaltools.arm-none.linux64_1.17.0.201812190825/tools/compiler/bin/../lib/gcc/arm-none-eabi/7.3.1/thumb/v6-m/libgcc.a(muldf3.o)
                0x0000000008000860                __aeabi_dmul
 .text          0x0000000008000d44      0x690 /home/thanhlt/Ac6/SystemWorkbench/plugins/fr.ac6.mcu.externaltools.arm-none.linux64_1.17.0.201812190825/tools/compiler/bin/../lib/gcc/arm-none-eabi/7.3.1/thumb/v6-m/libgcc.a(subdf3.o)
                0x0000000008000d44                __aeabi_dsub
 .text          0x00000000080013d4       0x6c /home/thanhlt/Ac6/SystemWorkbench/plugins/fr.ac6.mcu.externaltools.arm-none.linux64_1.17.0.201812190825/tools/compiler/bin/../lib/gcc/arm-none-eabi/7.3.1/thumb/v6-m/libgcc.a(fixdfsi.o)
                0x00000000080013d4                __aeabi_d2iz
 .text          0x0000000008001440       0x64 /home/thanhlt/Ac6/SystemWorkbench/plugins/fr.ac6.mcu.externaltools.arm-none.linux64_1.17.0.201812190825/tools/compiler/bin/../lib/gcc/arm-none-eabi/7.3.1/thumb/v6-m/libgcc.a(floatunsidf.o)
                0x0000000008001440                __aeabi_ui2d
 .text          0x00000000080014a4       0x7c /home/thanhlt/Ac6/SystemWorkbench/plugins/fr.ac6.mcu.externaltools.arm-none.linux64_1.17.0.201812190825/tools/compiler/bin/../lib/gcc/arm-none-eabi/7.3.1/thumb/v6-m/libgcc.a(_arm_cmpdf2.o)
                0x00000000080014a4                __aeabi_cdrcmple
                0x00000000080014b4                __aeabi_cdcmple
                0x00000000080014b4                __aeabi_cdcmpeq
                0x00000000080014c4                __aeabi_dcmpeq
                0x00000000080014d0                __aeabi_dcmplt
                0x00000000080014e4                __aeabi_dcmple
                0x00000000080014f8                __aeabi_dcmpgt
                0x000000000800150c                __aeabi_dcmpge
 .text          0x0000000008001520       0x3c /home/thanhlt/Ac6/SystemWorkbench/plugins/fr.ac6.mcu.externaltools.arm-none.linux64_1.17.0.201812190825/tools/compiler/bin/../lib/gcc/arm-none-eabi/7.3.1/thumb/v6-m/libgcc.a(_clzsi2.o)
                0x0000000008001520                __clzsi2
 .text          0x000000000800155c       0x78 /home/thanhlt/Ac6/SystemWorkbench/plugins/fr.ac6.mcu.externaltools.arm-none.linux64_1.17.0.201812190825/tools/compiler/bin/../lib/gcc/arm-none-eabi/7.3.1/thumb/v6-m/libgcc.a(eqdf2.o)
                0x000000000800155c                __eqdf2
                0x000000000800155c                __nedf2
 .text          0x00000000080015d4       0xc8 /home/thanhlt/Ac6/SystemWorkbench/plugins/fr.ac6.mcu.externaltools.arm-none.linux64_1.17.0.201812190825/tools/compiler/bin/../lib/gcc/arm-none-eabi/7.3.1/thumb/v6-m/libgcc.a(gedf2.o)
                0x00000000080015d4                __gtdf2
                0x00000000080015d4                __gedf2
 .text          0x000000000800169c       0xd0 /home/thanhlt/Ac6/SystemWorkbench/plugins/fr.ac6.mcu.externaltools.arm-none.linux64_1.17.0.201812190825/tools/compiler/bin/../lib/gcc/arm-none-eabi/7.3.1/thumb/v6-m/libgcc.a(ledf2.o)
                0x000000000800169c                __ltdf2
                0x000000000800169c                __ledf2
 *(.text*)
 .text.MX_GPIO_Init
                0x000000000800176c       0xcc Core/Src/gpio.o
                0x000000000800176c                MX_GPIO_Init
 .text.SystemClock_Config
                0x0000000008001838       0x8c Core/Src/main.o
                0x0000000008001838                SystemClock_Config
 .text.main     0x00000000080018c4       0x48 Core/Src/main.o
                0x00000000080018c4                main
 .text.Error_Handler
                0x000000000800190c        0x2 Core/Src/main.o
                0x000000000800190c                Error_Handler
 *fill*         0x000000000800190e        0x2 
 .text.MX_RTC_Init
                0x0000000008001910       0xc0 Core/Src/rtc.o
                0x0000000008001910                MX_RTC_Init
 .text.HAL_RTC_MspInit
                0x00000000080019d0       0x34 Core/Src/rtc.o
                0x00000000080019d0                HAL_RTC_MspInit
 .text.MX_SPI1_Init
                0x0000000008001a04       0x44 Core/Src/spi.o
                0x0000000008001a04                MX_SPI1_Init
 .text.HAL_SPI_MspInit
                0x0000000008001a48       0x58 Core/Src/spi.o
                0x0000000008001a48                HAL_SPI_MspInit
 .text.HAL_MspInit
                0x0000000008001aa0       0x1c Core/Src/stm32l0xx_hal_msp.o
                0x0000000008001aa0                HAL_MspInit
 .text.NMI_Handler
                0x0000000008001abc        0x2 Core/Src/stm32l0xx_it.o
                0x0000000008001abc                NMI_Handler
 .text.HardFault_Handler
                0x0000000008001abe        0x2 Core/Src/stm32l0xx_it.o
                0x0000000008001abe                HardFault_Handler
 .text.SVC_Handler
                0x0000000008001ac0        0x2 Core/Src/stm32l0xx_it.o
                0x0000000008001ac0                SVC_Handler
 .text.PendSV_Handler
                0x0000000008001ac2        0x2 Core/Src/stm32l0xx_it.o
                0x0000000008001ac2                PendSV_Handler
 .text.SysTick_Handler
                0x0000000008001ac4        0x8 Core/Src/stm32l0xx_it.o
                0x0000000008001ac4                SysTick_Handler
 .text.RTC_IRQHandler
                0x0000000008001acc       0x10 Core/Src/stm32l0xx_it.o
                0x0000000008001acc                RTC_IRQHandler
 .text.EXTI0_1_IRQHandler
                0x0000000008001adc       0x10 Core/Src/stm32l0xx_it.o
                0x0000000008001adc                EXTI0_1_IRQHandler
 .text.EXTI4_15_IRQHandler
                0x0000000008001aec       0x10 Core/Src/stm32l0xx_it.o
                0x0000000008001aec                EXTI4_15_IRQHandler
 .text.SystemInit
                0x0000000008001afc       0x5c Core/Src/system_stm32l0xx.o
                0x0000000008001afc                SystemInit
 .text.SX1276InOut
                0x0000000008001b58       0x38 Core/Src/sx1276/lora.o
 .text.SX1276PrepareFrame
                0x0000000008001b90       0x14 Core/Src/sx1276/lora.o
 .text.SX1276WriteBuffer
                0x0000000008001ba4       0x40 Core/Src/sx1276/lora.o
 .text.SX1276Write
                0x0000000008001be4       0x16 Core/Src/sx1276/lora.o
 *fill*         0x0000000008001bfa        0x2 
 .text.SX1276SetChannel
                0x0000000008001bfc       0x38 Core/Src/sx1276/lora.o
 .text.SX1276ReadBuffer
                0x0000000008001c34       0x40 Core/Src/sx1276/lora.o
 .text.SX1276Read
                0x0000000008001c74       0x16 Core/Src/sx1276/lora.o
 .text.SX1276SetRfTxPower
                0x0000000008001c8a       0xae Core/Src/sx1276/lora.o
 .text.SX1276SetOpMode
                0x0000000008001d38       0x30 Core/Src/sx1276/lora.o
 .text.SX1276SetStby
                0x0000000008001d68        0xa Core/Src/sx1276/lora.o
 .text.SX1276Sleep
                0x0000000008001d72        0xa Core/Src/sx1276/lora.o
 .text.SX1276SetModem
                0x0000000008001d7c       0x9c Core/Src/sx1276/lora.o
 .text.SX1276SetMacPayloadLength
                0x0000000008001e18       0x1a Core/Src/sx1276/lora.o
 .text.SX1276SetPublicNetwork
                0x0000000008001e32       0x22 Core/Src/sx1276/lora.o
 .text.SX1276SetTxConfig
                0x0000000008001e54      0x15e Core/Src/sx1276/lora.o
 *fill*         0x0000000008001fb2        0x2 
 .text.RxChainCalibration
                0x0000000008001fb4       0x94 Core/Src/sx1276/lora.o
 .text.SX1276Send
                0x0000000008002048       0xf4 Core/Src/sx1276/lora.o
 .text.SX1276Reset
                0x000000000800213c       0x28 Core/Src/sx1276/lora.o
 .text.SX1276Init
                0x0000000008002164       0x44 Core/Src/sx1276/lora.o
 .text.HAL_InitTick
                0x00000000080021a8       0x30 Drivers/STM32L0xx_HAL_Driver/Src/stm32l0xx_hal.o
                0x00000000080021a8                HAL_InitTick
 .text.HAL_Init
                0x00000000080021d8       0x28 Drivers/STM32L0xx_HAL_Driver/Src/stm32l0xx_hal.o
                0x00000000080021d8                HAL_Init
 .text.HAL_IncTick
                0x0000000008002200       0x10 Drivers/STM32L0xx_HAL_Driver/Src/stm32l0xx_hal.o
                0x0000000008002200                HAL_IncTick
 .text.HAL_GetTick
                0x0000000008002210        0xc Drivers/STM32L0xx_HAL_Driver/Src/stm32l0xx_hal.o
                0x0000000008002210                HAL_GetTick
 .text.HAL_Delay
                0x000000000800221c       0x1c Drivers/STM32L0xx_HAL_Driver/Src/stm32l0xx_hal.o
                0x000000000800221c                HAL_Delay
 .text.HAL_NVIC_SetPriority
                0x0000000008002238       0x60 Drivers/STM32L0xx_HAL_Driver/Src/stm32l0xx_hal_cortex.o
                0x0000000008002238                HAL_NVIC_SetPriority
 .text.HAL_NVIC_EnableIRQ
                0x0000000008002298       0x14 Drivers/STM32L0xx_HAL_Driver/Src/stm32l0xx_hal_cortex.o
                0x0000000008002298                HAL_NVIC_EnableIRQ
 .text.HAL_SYSTICK_Config
                0x00000000080022ac       0x38 Drivers/STM32L0xx_HAL_Driver/Src/stm32l0xx_hal_cortex.o
                0x00000000080022ac                HAL_SYSTICK_Config
 .text.HAL_GPIO_Init
                0x00000000080022e4      0x19c Drivers/STM32L0xx_HAL_Driver/Src/stm32l0xx_hal_gpio.o
                0x00000000080022e4                HAL_GPIO_Init
 .text.HAL_GPIO_WritePin
                0x0000000008002480        0xc Drivers/STM32L0xx_HAL_Driver/Src/stm32l0xx_hal_gpio.o
                0x0000000008002480                HAL_GPIO_WritePin
 .text.HAL_GPIO_EXTI_Callback
                0x000000000800248c        0x2 Drivers/STM32L0xx_HAL_Driver/Src/stm32l0xx_hal_gpio.o
                0x000000000800248c                HAL_GPIO_EXTI_Callback
 *fill*         0x000000000800248e        0x2 
 .text.HAL_GPIO_EXTI_IRQHandler
                0x0000000008002490       0x1c Drivers/STM32L0xx_HAL_Driver/Src/stm32l0xx_hal_gpio.o
                0x0000000008002490                HAL_GPIO_EXTI_IRQHandler
 .text.HAL_PWR_EnableBkUpAccess
                0x00000000080024ac       0x14 Drivers/STM32L0xx_HAL_Driver/Src/stm32l0xx_hal_pwr.o
                0x00000000080024ac                HAL_PWR_EnableBkUpAccess
 .text.HAL_RCC_GetSysClockFreq
                0x00000000080024c0       0xb0 Drivers/STM32L0xx_HAL_Driver/Src/stm32l0xx_hal_rcc.o
                0x00000000080024c0                HAL_RCC_GetSysClockFreq
 .text.HAL_RCC_OscConfig
                0x0000000008002570      0x514 Drivers/STM32L0xx_HAL_Driver/Src/stm32l0xx_hal_rcc.o
                0x0000000008002570                HAL_RCC_OscConfig
 .text.HAL_RCC_ClockConfig
                0x0000000008002a84      0x1a8 Drivers/STM32L0xx_HAL_Driver/Src/stm32l0xx_hal_rcc.o
                0x0000000008002a84                HAL_RCC_ClockConfig
 .text.HAL_RCCEx_PeriphCLKConfig
                0x0000000008002c2c      0x1d0 Drivers/STM32L0xx_HAL_Driver/Src/stm32l0xx_hal_rcc_ex.o
                0x0000000008002c2c                HAL_RCCEx_PeriphCLKConfig
 .text.HAL_RTC_AlarmAEventCallback
                0x0000000008002dfc        0x2 Drivers/STM32L0xx_HAL_Driver/Src/stm32l0xx_hal_rtc.o
                0x0000000008002dfc                HAL_RTC_AlarmAEventCallback
 *fill*         0x0000000008002dfe        0x2 
 .text.HAL_RTC_AlarmIRQHandler
                0x0000000008002e00       0x68 Drivers/STM32L0xx_HAL_Driver/Src/stm32l0xx_hal_rtc.o
                0x0000000008002e00                HAL_RTC_AlarmIRQHandler
 .text.HAL_RTC_WaitForSynchro
                0x0000000008002e68       0x32 Drivers/STM32L0xx_HAL_Driver/Src/stm32l0xx_hal_rtc.o
                0x0000000008002e68                HAL_RTC_WaitForSynchro
 .text.RTC_EnterInitMode
                0x0000000008002e9a       0x3a Drivers/STM32L0xx_HAL_Driver/Src/stm32l0xx_hal_rtc.o
                0x0000000008002e9a                RTC_EnterInitMode
 .text.HAL_RTC_Init
                0x0000000008002ed4       0xd8 Drivers/STM32L0xx_HAL_Driver/Src/stm32l0xx_hal_rtc.o
                0x0000000008002ed4                HAL_RTC_Init
 .text.RTC_ByteToBcd2
                0x0000000008002fac       0x16 Drivers/STM32L0xx_HAL_Driver/Src/stm32l0xx_hal_rtc.o
                0x0000000008002fac                RTC_ByteToBcd2
 *fill*         0x0000000008002fc2        0x2 
 .text.HAL_RTC_SetTime
                0x0000000008002fc4      0x110 Drivers/STM32L0xx_HAL_Driver/Src/stm32l0xx_hal_rtc.o
                0x0000000008002fc4                HAL_RTC_SetTime
 .text.HAL_RTC_SetDate
                0x00000000080030d4       0xec Drivers/STM32L0xx_HAL_Driver/Src/stm32l0xx_hal_rtc.o
                0x00000000080030d4                HAL_RTC_SetDate
 .text.HAL_RTC_SetAlarm_IT
                0x00000000080031c0      0x1c0 Drivers/STM32L0xx_HAL_Driver/Src/stm32l0xx_hal_rtc.o
                0x00000000080031c0                HAL_RTC_SetAlarm_IT
 .text.HAL_RTCEx_AlarmBEventCallback
                0x0000000008003380        0x2 Drivers/STM32L0xx_HAL_Driver/Src/stm32l0xx_hal_rtc_ex.o
                0x0000000008003380                HAL_RTCEx_AlarmBEventCallback
 *fill*         0x0000000008003382        0x2 
 .text.HAL_SPI_Init
                0x0000000008003384       0x88 Drivers/STM32L0xx_HAL_Driver/Src/stm32l0xx_hal_spi.o
                0x0000000008003384                HAL_SPI_Init
 .text.Reset_Handler
                0x000000000800340c       0x50 startup/startup_stm32l071xx.o
                0x000000000800340c                Reset_Handler
 .text.Default_Handler
                0x000000000800345c        0x2 startup/startup_stm32l071xx.o
                0x000000000800345c                ADC1_COMP_IRQHandler
                0x000000000800345c                TIM6_IRQHandler
                0x000000000800345c                PVD_IRQHandler
                0x000000000800345c                I2C1_IRQHandler
                0x000000000800345c                SPI1_IRQHandler
                0x000000000800345c                EXTI2_3_IRQHandler
                0x000000000800345c                I2C2_IRQHandler
                0x000000000800345c                DMA1_Channel4_5_6_7_IRQHandler
                0x000000000800345c                TIM3_IRQHandler
                0x000000000800345c                RCC_IRQHandler
                0x000000000800345c                DMA1_Channel1_IRQHandler
                0x000000000800345c                USART4_5_IRQHandler
                0x000000000800345c                Default_Handler
                0x000000000800345c                TIM22_IRQHandler
                0x000000000800345c                TIM7_IRQHandler
                0x000000000800345c                I2C3_IRQHandler
                0x000000000800345c                SPI2_IRQHandler
                0x000000000800345c                TIM21_IRQHandler
                0x000000000800345c                WWDG_IRQHandler
                0x000000000800345c                LPUART1_IRQHandler
                0x000000000800345c                TIM2_IRQHandler
                0x000000000800345c                DMA1_Channel2_3_IRQHandler
                0x000000000800345c                USART2_IRQHandler
                0x000000000800345c                FLASH_IRQHandler
                0x000000000800345c                USART1_IRQHandler
                0x000000000800345c                LPTIM1_IRQHandler
 *fill*         0x000000000800345e        0x2 
 .text.__libc_init_array
                0x0000000008003460       0x48 /home/thanhlt/Ac6/SystemWorkbench/plugins/fr.ac6.mcu.externaltools.arm-none.linux64_1.17.0.201812190825/tools/compiler/bin/../lib/gcc/arm-none-eabi/7.3.1/../../../../arm-none-eabi/lib/thumb/v6-m/libc_nano.a(lib_a-init.o)
                0x0000000008003460                __libc_init_array
 .text.memset   0x00000000080034a8       0x10 /home/thanhlt/Ac6/SystemWorkbench/plugins/fr.ac6.mcu.externaltools.arm-none.linux64_1.17.0.201812190825/tools/compiler/bin/../lib/gcc/arm-none-eabi/7.3.1/../../../../arm-none-eabi/lib/thumb/v6-m/libc_nano.a(lib_a-memset.o)
                0x00000000080034a8                memset
 *(.glue_7)
 .glue_7        0x00000000080034b8        0x0 linker stubs
 *(.glue_7t)
 .glue_7t       0x00000000080034b8        0x0 linker stubs
 *(.eh_frame)
 .eh_frame      0x00000000080034b8        0x0 /home/thanhlt/Ac6/SystemWorkbench/plugins/fr.ac6.mcu.externaltools.arm-none.linux64_1.17.0.201812190825/tools/compiler/bin/../lib/gcc/arm-none-eabi/7.3.1/thumb/v6-m/crtbegin.o
 *(.init)
 .init          0x00000000080034b8        0x4 /home/thanhlt/Ac6/SystemWorkbench/plugins/fr.ac6.mcu.externaltools.arm-none.linux64_1.17.0.201812190825/tools/compiler/bin/../lib/gcc/arm-none-eabi/7.3.1/thumb/v6-m/crti.o
                0x00000000080034b8                _init
 .init          0x00000000080034bc        0x8 /home/thanhlt/Ac6/SystemWorkbench/plugins/fr.ac6.mcu.externaltools.arm-none.linux64_1.17.0.201812190825/tools/compiler/bin/../lib/gcc/arm-none-eabi/7.3.1/thumb/v6-m/crtn.o
 *(.fini)
 .fini          0x00000000080034c4        0x4 /home/thanhlt/Ac6/SystemWorkbench/plugins/fr.ac6.mcu.externaltools.arm-none.linux64_1.17.0.201812190825/tools/compiler/bin/../lib/gcc/arm-none-eabi/7.3.1/thumb/v6-m/crti.o
                0x00000000080034c4                _fini
 .fini          0x00000000080034c8        0x8 /home/thanhlt/Ac6/SystemWorkbench/plugins/fr.ac6.mcu.externaltools.arm-none.linux64_1.17.0.201812190825/tools/compiler/bin/../lib/gcc/arm-none-eabi/7.3.1/thumb/v6-m/crtn.o
                0x00000000080034d0                . = ALIGN (0x4)
                0x00000000080034d0                _etext = .

.vfp11_veneer   0x00000000080034d0        0x0
 .vfp11_veneer  0x00000000080034d0        0x0 linker stubs

.v4_bx          0x00000000080034d0        0x0
 .v4_bx         0x00000000080034d0        0x0 linker stubs

.iplt           0x00000000080034d0        0x0
 .iplt          0x00000000080034d0        0x0 /home/thanhlt/Ac6/SystemWorkbench/plugins/fr.ac6.mcu.externaltools.arm-none.linux64_1.17.0.201812190825/tools/compiler/bin/../lib/gcc/arm-none-eabi/7.3.1/thumb/v6-m/crtbegin.o

.rodata         0x00000000080034d0       0xe4
                0x00000000080034d0                . = ALIGN (0x4)
 *(.rodata)
 .rodata        0x00000000080034d0       0x24 Core/Src/system_stm32l0xx.o
                0x00000000080034d0                PLLMulTable
                0x00000000080034dc                AHBPrescTable
                0x00000000080034ec                APBPrescTable
 .rodata        0x00000000080034f4       0x3e Core/Src/sx1276/lora.o
                0x00000000080034f4                RadioRegsInit
                0x0000000008003524                Datarates
                0x000000000800352c                TxPowers
 *fill*         0x0000000008003532        0x2 
 .rodata        0x0000000008003534       0x40 /home/thanhlt/Ac6/SystemWorkbench/plugins/fr.ac6.mcu.externaltools.arm-none.linux64_1.17.0.201812190825/tools/compiler/bin/../lib/gcc/arm-none-eabi/7.3.1/thumb/v6-m/libgcc.a(divdf3.o)
 .rodata        0x0000000008003574       0x40 /home/thanhlt/Ac6/SystemWorkbench/plugins/fr.ac6.mcu.externaltools.arm-none.linux64_1.17.0.201812190825/tools/compiler/bin/../lib/gcc/arm-none-eabi/7.3.1/thumb/v6-m/libgcc.a(muldf3.o)
 *(.rodata*)
                0x00000000080035b4                . = ALIGN (0x4)

.rel.dyn        0x00000000080035b4        0x0
 .rel.iplt      0x00000000080035b4        0x0 /home/thanhlt/Ac6/SystemWorkbench/plugins/fr.ac6.mcu.externaltools.arm-none.linux64_1.17.0.201812190825/tools/compiler/bin/../lib/gcc/arm-none-eabi/7.3.1/thumb/v6-m/crtbegin.o

.ARM.extab
 *(.ARM.extab* .gnu.linkonce.armextab.*)

.ARM            0x00000000080035b4        0x0
                0x00000000080035b4                __exidx_start = .
 *(.ARM.exidx*)
                0x00000000080035b4                __exidx_end = .

.preinit_array  0x00000000080035b4        0x0
                0x00000000080035b4                PROVIDE (__preinit_array_start = .)
 *(.preinit_array*)
                0x00000000080035b4                PROVIDE (__preinit_array_end = .)

.init_array     0x00000000080035b4        0x4
                0x00000000080035b4                PROVIDE (__init_array_start = .)
 *(SORT_BY_NAME(.init_array.*))
 *(.init_array*)
 .init_array    0x00000000080035b4        0x4 /home/thanhlt/Ac6/SystemWorkbench/plugins/fr.ac6.mcu.externaltools.arm-none.linux64_1.17.0.201812190825/tools/compiler/bin/../lib/gcc/arm-none-eabi/7.3.1/thumb/v6-m/crtbegin.o
                0x00000000080035b8                PROVIDE (__init_array_end = .)

.fini_array     0x00000000080035b8        0x4
                [!provide]                        PROVIDE (__fini_array_start = .)
 *(SORT_BY_NAME(.fini_array.*))
 *(.fini_array*)
 .fini_array    0x00000000080035b8        0x4 /home/thanhlt/Ac6/SystemWorkbench/plugins/fr.ac6.mcu.externaltools.arm-none.linux64_1.17.0.201812190825/tools/compiler/bin/../lib/gcc/arm-none-eabi/7.3.1/thumb/v6-m/crtbegin.o
                [!provide]                        PROVIDE (__fini_array_end = .)
                0x00000000080035bc                _sidata = LOADADDR (.data)

.data           0x0000000020000000       0xb4 load address 0x00000000080035bc
                0x0000000020000000                . = ALIGN (0x4)
                0x0000000020000000                _sdata = .
 *(.data)
 .data          0x0000000020000000        0x4 Core/Src/system_stm32l0xx.o
                0x0000000020000000                SystemCoreClock
 .data          0x0000000020000004       0xb0 Core/Src/sx1276/lora.o
                0x0000000020000004                SX1276
 *(.data*)
                0x00000000200000b4                . = ALIGN (0x4)
                0x00000000200000b4                _edata = .

.igot.plt       0x00000000200000b4        0x0 load address 0x0000000008003670
 .igot.plt      0x00000000200000b4        0x0 /home/thanhlt/Ac6/SystemWorkbench/plugins/fr.ac6.mcu.externaltools.arm-none.linux64_1.17.0.201812190825/tools/compiler/bin/../lib/gcc/arm-none-eabi/7.3.1/thumb/v6-m/crtbegin.o
                0x00000000200000b4                . = ALIGN (0x4)

.bss            0x00000000200000b4       0x9c load address 0x0000000008003670
                0x00000000200000b4                _sbss = .
                0x00000000200000b4                __bss_start__ = _sbss
 *(.bss)
 .bss           0x00000000200000b4       0x1c /home/thanhlt/Ac6/SystemWorkbench/plugins/fr.ac6.mcu.externaltools.arm-none.linux64_1.17.0.201812190825/tools/compiler/bin/../lib/gcc/arm-none-eabi/7.3.1/thumb/v6-m/crtbegin.o
 *(.bss*)
 *(COMMON)
 COMMON         0x00000000200000d0       0x24 Core/Src/rtc.o
                0x00000000200000d0                hrtc
 COMMON         0x00000000200000f4       0x58 Core/Src/spi.o
                0x00000000200000f4                hspi1
 COMMON         0x000000002000014c        0x4 Drivers/STM32L0xx_HAL_Driver/Src/stm32l0xx_hal.o
                0x000000002000014c                uwTick
                0x0000000020000150                . = ALIGN (0x4)
                0x0000000020000150                _ebss = .
                0x0000000020000150                __bss_end__ = _ebss

._user_heap_stack
                0x0000000020000150      0x600 load address 0x0000000008003670
                0x0000000020000150                . = ALIGN (0x8)
                0x0000000020000150                PROVIDE (end = .)
                [!provide]                        PROVIDE (_end = .)
                0x0000000020000350                . = (. + _Min_Heap_Size)
 *fill*         0x0000000020000150      0x200 
                0x0000000020000750                . = (. + _Min_Stack_Size)
 *fill*         0x0000000020000350      0x400 
                0x0000000020000750                . = ALIGN (0x8)

/DISCARD/
 libc.a(*)
 libm.a(*)
 libgcc.a(*)

.ARM.attributes
                0x0000000000000000       0x28
 *(.ARM.attributes)
 .ARM.attributes
                0x0000000000000000       0x1e /home/thanhlt/Ac6/SystemWorkbench/plugins/fr.ac6.mcu.externaltools.arm-none.linux64_1.17.0.201812190825/tools/compiler/bin/../lib/gcc/arm-none-eabi/7.3.1/thumb/v6-m/crti.o
 .ARM.attributes
                0x000000000000001e       0x2c /home/thanhlt/Ac6/SystemWorkbench/plugins/fr.ac6.mcu.externaltools.arm-none.linux64_1.17.0.201812190825/tools/compiler/bin/../lib/gcc/arm-none-eabi/7.3.1/thumb/v6-m/crtbegin.o
 .ARM.attributes
                0x000000000000004a       0x32 Core/Src/gpio.o
 .ARM.attributes
                0x000000000000007c       0x32 Core/Src/main.o
 .ARM.attributes
                0x00000000000000ae       0x32 Core/Src/rtc.o
 .ARM.attributes
                0x00000000000000e0       0x32 Core/Src/spi.o
 .ARM.attributes
                0x0000000000000112       0x32 Core/Src/stm32l0xx_hal_msp.o
 .ARM.attributes
                0x0000000000000144       0x32 Core/Src/stm32l0xx_it.o
 .ARM.attributes
                0x0000000000000176       0x32 Core/Src/system_stm32l0xx.o
 .ARM.attributes
                0x00000000000001a8       0x32 Core/Src/sx1276/lora.o
 .ARM.attributes
                0x00000000000001da       0x32 Drivers/STM32L0xx_HAL_Driver/Src/stm32l0xx_hal.o
 .ARM.attributes
                0x000000000000020c       0x32 Drivers/STM32L0xx_HAL_Driver/Src/stm32l0xx_hal_cortex.o
 .ARM.attributes
                0x000000000000023e       0x32 Drivers/STM32L0xx_HAL_Driver/Src/stm32l0xx_hal_gpio.o
 .ARM.attributes
                0x0000000000000270       0x32 Drivers/STM32L0xx_HAL_Driver/Src/stm32l0xx_hal_pwr.o
 .ARM.attributes
                0x00000000000002a2       0x32 Drivers/STM32L0xx_HAL_Driver/Src/stm32l0xx_hal_rcc.o
 .ARM.attributes
                0x00000000000002d4       0x32 Drivers/STM32L0xx_HAL_Driver/Src/stm32l0xx_hal_rcc_ex.o
 .ARM.attributes
                0x0000000000000306       0x32 Drivers/STM32L0xx_HAL_Driver/Src/stm32l0xx_hal_rtc.o
 .ARM.attributes
                0x0000000000000338       0x32 Drivers/STM32L0xx_HAL_Driver/Src/stm32l0xx_hal_rtc_ex.o
 .ARM.attributes
                0x000000000000036a       0x32 Drivers/STM32L0xx_HAL_Driver/Src/stm32l0xx_hal_spi.o
 .ARM.attributes
                0x000000000000039c       0x22 startup/startup_stm32l071xx.o
 .ARM.attributes
                0x00000000000003be       0x1e /home/thanhlt/Ac6/SystemWorkbench/plugins/fr.ac6.mcu.externaltools.arm-none.linux64_1.17.0.201812190825/tools/compiler/bin/../lib/gcc/arm-none-eabi/7.3.1/thumb/v6-m/libgcc.a(_udivsi3.o)
 .ARM.attributes
                0x00000000000003dc       0x1e /home/thanhlt/Ac6/SystemWorkbench/plugins/fr.ac6.mcu.externaltools.arm-none.linux64_1.17.0.201812190825/tools/compiler/bin/../lib/gcc/arm-none-eabi/7.3.1/thumb/v6-m/libgcc.a(_dvmd_tls.o)
 .ARM.attributes
                0x00000000000003fa       0x2c /home/thanhlt/Ac6/SystemWorkbench/plugins/fr.ac6.mcu.externaltools.arm-none.linux64_1.17.0.201812190825/tools/compiler/bin/../lib/gcc/arm-none-eabi/7.3.1/thumb/v6-m/libgcc.a(_fixunsdfsi.o)
 .ARM.attributes
                0x0000000000000426       0x2c /home/thanhlt/Ac6/SystemWorkbench/plugins/fr.ac6.mcu.externaltools.arm-none.linux64_1.17.0.201812190825/tools/compiler/bin/../lib/gcc/arm-none-eabi/7.3.1/thumb/v6-m/libgcc.a(divdf3.o)
 .ARM.attributes
                0x0000000000000452       0x2c /home/thanhlt/Ac6/SystemWorkbench/plugins/fr.ac6.mcu.externaltools.arm-none.linux64_1.17.0.201812190825/tools/compiler/bin/../lib/gcc/arm-none-eabi/7.3.1/thumb/v6-m/libgcc.a(muldf3.o)
 .ARM.attributes
                0x000000000000047e       0x2c /home/thanhlt/Ac6/SystemWorkbench/plugins/fr.ac6.mcu.externaltools.arm-none.linux64_1.17.0.201812190825/tools/compiler/bin/../lib/gcc/arm-none-eabi/7.3.1/thumb/v6-m/libgcc.a(subdf3.o)
 .ARM.attributes
                0x00000000000004aa       0x2c /home/thanhlt/Ac6/SystemWorkbench/plugins/fr.ac6.mcu.externaltools.arm-none.linux64_1.17.0.201812190825/tools/compiler/bin/../lib/gcc/arm-none-eabi/7.3.1/thumb/v6-m/libgcc.a(fixdfsi.o)
 .ARM.attributes
                0x00000000000004d6       0x2c /home/thanhlt/Ac6/SystemWorkbench/plugins/fr.ac6.mcu.externaltools.arm-none.linux64_1.17.0.201812190825/tools/compiler/bin/../lib/gcc/arm-none-eabi/7.3.1/thumb/v6-m/libgcc.a(floatunsidf.o)
 .ARM.attributes
                0x0000000000000502       0x1e /home/thanhlt/Ac6/SystemWorkbench/plugins/fr.ac6.mcu.externaltools.arm-none.linux64_1.17.0.201812190825/tools/compiler/bin/../lib/gcc/arm-none-eabi/7.3.1/thumb/v6-m/libgcc.a(_arm_cmpdf2.o)
 .ARM.attributes
                0x0000000000000520       0x1e /home/thanhlt/Ac6/SystemWorkbench/plugins/fr.ac6.mcu.externaltools.arm-none.linux64_1.17.0.201812190825/tools/compiler/bin/../lib/gcc/arm-none-eabi/7.3.1/thumb/v6-m/libgcc.a(_clzsi2.o)
 .ARM.attributes
                0x000000000000053e       0x2c /home/thanhlt/Ac6/SystemWorkbench/plugins/fr.ac6.mcu.externaltools.arm-none.linux64_1.17.0.201812190825/tools/compiler/bin/../lib/gcc/arm-none-eabi/7.3.1/thumb/v6-m/libgcc.a(eqdf2.o)
 .ARM.attributes
                0x000000000000056a       0x2c /home/thanhlt/Ac6/SystemWorkbench/plugins/fr.ac6.mcu.externaltools.arm-none.linux64_1.17.0.201812190825/tools/compiler/bin/../lib/gcc/arm-none-eabi/7.3.1/thumb/v6-m/libgcc.a(gedf2.o)
 .ARM.attributes
                0x0000000000000596       0x2c /home/thanhlt/Ac6/SystemWorkbench/plugins/fr.ac6.mcu.externaltools.arm-none.linux64_1.17.0.201812190825/tools/compiler/bin/../lib/gcc/arm-none-eabi/7.3.1/thumb/v6-m/libgcc.a(ledf2.o)
 .ARM.attributes
                0x00000000000005c2       0x2c /home/thanhlt/Ac6/SystemWorkbench/plugins/fr.ac6.mcu.externaltools.arm-none.linux64_1.17.0.201812190825/tools/compiler/bin/../lib/gcc/arm-none-eabi/7.3.1/../../../../arm-none-eabi/lib/thumb/v6-m/libc_nano.a(lib_a-init.o)
 .ARM.attributes
                0x00000000000005ee       0x2c /home/thanhlt/Ac6/SystemWorkbench/plugins/fr.ac6.mcu.externaltools.arm-none.linux64_1.17.0.201812190825/tools/compiler/bin/../lib/gcc/arm-none-eabi/7.3.1/../../../../arm-none-eabi/lib/thumb/v6-m/libc_nano.a(lib_a-memset.o)
 .ARM.attributes
                0x000000000000061a       0x1e /home/thanhlt/Ac6/SystemWorkbench/plugins/fr.ac6.mcu.externaltools.arm-none.linux64_1.17.0.201812190825/tools/compiler/bin/../lib/gcc/arm-none-eabi/7.3.1/thumb/v6-m/crtn.o
OUTPUT(sx1276.elf elf32-littlearm)

.debug_info     0x0000000000000000     0xcea7
 .debug_info    0x0000000000000000      0xce2 Core/Src/gpio.o
 .debug_info    0x0000000000000ce2      0xf7d Core/Src/main.o
 .debug_info    0x0000000000001c5f      0xd61 Core/Src/rtc.o
 .debug_info    0x00000000000029c0      0xb9a Core/Src/spi.o
 .debug_info    0x000000000000355a      0x941 Core/Src/stm32l0xx_hal_msp.o
 .debug_info    0x0000000000003e9b      0x921 Core/Src/stm32l0xx_it.o
 .debug_info    0x00000000000047bc      0x395 Core/Src/system_stm32l0xx.o
 .debug_info    0x0000000000004b51     0x19bf Core/Src/sx1276/lora.o
 .debug_info    0x0000000000006510      0x84e Drivers/STM32L0xx_HAL_Driver/Src/stm32l0xx_hal.o
 .debug_info    0x0000000000006d5e      0x983 Drivers/STM32L0xx_HAL_Driver/Src/stm32l0xx_hal_cortex.o
 .debug_info    0x00000000000076e1      0x6cc Drivers/STM32L0xx_HAL_Driver/Src/stm32l0xx_hal_gpio.o
 .debug_info    0x0000000000007dad      0x670 Drivers/STM32L0xx_HAL_Driver/Src/stm32l0xx_hal_pwr.o
 .debug_info    0x000000000000841d      0xb9a Drivers/STM32L0xx_HAL_Driver/Src/stm32l0xx_hal_rcc.o
 .debug_info    0x0000000000008fb7      0x5bf Drivers/STM32L0xx_HAL_Driver/Src/stm32l0xx_hal_rcc_ex.o
 .debug_info    0x0000000000009576      0xd7b Drivers/STM32L0xx_HAL_Driver/Src/stm32l0xx_hal_rtc.o
 .debug_info    0x000000000000a2f1      0xff3 Drivers/STM32L0xx_HAL_Driver/Src/stm32l0xx_hal_rtc_ex.o
 .debug_info    0x000000000000b2e4     0x1ba1 Drivers/STM32L0xx_HAL_Driver/Src/stm32l0xx_hal_spi.o
 .debug_info    0x000000000000ce85       0x22 startup/startup_stm32l071xx.o

.debug_abbrev   0x0000000000000000     0x216d
 .debug_abbrev  0x0000000000000000      0x1be Core/Src/gpio.o
 .debug_abbrev  0x00000000000001be      0x22c Core/Src/main.o
 .debug_abbrev  0x00000000000003ea      0x1da Core/Src/rtc.o
 .debug_abbrev  0x00000000000005c4      0x1dc Core/Src/spi.o
 .debug_abbrev  0x00000000000007a0      0x140 Core/Src/stm32l0xx_hal_msp.o
 .debug_abbrev  0x00000000000008e0      0x19a Core/Src/stm32l0xx_it.o
 .debug_abbrev  0x0000000000000a7a      0x111 Core/Src/system_stm32l0xx.o
 .debug_abbrev  0x0000000000000b8b      0x32e Core/Src/sx1276/lora.o
 .debug_abbrev  0x0000000000000eb9      0x236 Drivers/STM32L0xx_HAL_Driver/Src/stm32l0xx_hal.o
 .debug_abbrev  0x00000000000010ef      0x24c Drivers/STM32L0xx_HAL_Driver/Src/stm32l0xx_hal_cortex.o
 .debug_abbrev  0x000000000000133b      0x1cf Drivers/STM32L0xx_HAL_Driver/Src/stm32l0xx_hal_gpio.o
 .debug_abbrev  0x000000000000150a      0x1ab Drivers/STM32L0xx_HAL_Driver/Src/stm32l0xx_hal_pwr.o
 .debug_abbrev  0x00000000000016b5      0x27b Drivers/STM32L0xx_HAL_Driver/Src/stm32l0xx_hal_rcc.o
 .debug_abbrev  0x0000000000001930      0x1e3 Drivers/STM32L0xx_HAL_Driver/Src/stm32l0xx_hal_rcc_ex.o
 .debug_abbrev  0x0000000000001b13      0x1ee Drivers/STM32L0xx_HAL_Driver/Src/stm32l0xx_hal_rtc.o
 .debug_abbrev  0x0000000000001d01      0x1ee Drivers/STM32L0xx_HAL_Driver/Src/stm32l0xx_hal_rtc_ex.o
 .debug_abbrev  0x0000000000001eef      0x26c Drivers/STM32L0xx_HAL_Driver/Src/stm32l0xx_hal_spi.o
 .debug_abbrev  0x000000000000215b       0x12 startup/startup_stm32l071xx.o

.debug_aranges  0x0000000000000000      0x938
 .debug_aranges
                0x0000000000000000       0x20 Core/Src/gpio.o
 .debug_aranges
                0x0000000000000020       0x30 Core/Src/main.o
 .debug_aranges
                0x0000000000000050       0x30 Core/Src/rtc.o
 .debug_aranges
                0x0000000000000080       0x30 Core/Src/spi.o
 .debug_aranges
                0x00000000000000b0       0x20 Core/Src/stm32l0xx_hal_msp.o
 .debug_aranges
                0x00000000000000d0       0x58 Core/Src/stm32l0xx_it.o
 .debug_aranges
                0x0000000000000128       0x28 Core/Src/system_stm32l0xx.o
 .debug_aranges
                0x0000000000000150       0xb0 Core/Src/sx1276/lora.o
 .debug_aranges
                0x0000000000000200       0xf8 Drivers/STM32L0xx_HAL_Driver/Src/stm32l0xx_hal.o
 .debug_aranges
                0x00000000000002f8       0x90 Drivers/STM32L0xx_HAL_Driver/Src/stm32l0xx_hal_cortex.o
 .debug_aranges
                0x0000000000000388       0x58 Drivers/STM32L0xx_HAL_Driver/Src/stm32l0xx_hal_gpio.o
 .debug_aranges
                0x00000000000003e0       0xa0 Drivers/STM32L0xx_HAL_Driver/Src/stm32l0xx_hal_pwr.o
 .debug_aranges
                0x0000000000000480       0x80 Drivers/STM32L0xx_HAL_Driver/Src/stm32l0xx_hal_rcc.o
 .debug_aranges
                0x0000000000000500       0x58 Drivers/STM32L0xx_HAL_Driver/Src/stm32l0xx_hal_rcc_ex.o
 .debug_aranges
                0x0000000000000558       0xb8 Drivers/STM32L0xx_HAL_Driver/Src/stm32l0xx_hal_rtc.o
 .debug_aranges
                0x0000000000000610      0x130 Drivers/STM32L0xx_HAL_Driver/Src/stm32l0xx_hal_rtc_ex.o
 .debug_aranges
                0x0000000000000740      0x1d0 Drivers/STM32L0xx_HAL_Driver/Src/stm32l0xx_hal_spi.o
 .debug_aranges
                0x0000000000000910       0x28 startup/startup_stm32l071xx.o

.debug_ranges   0x0000000000000000      0x8b0
 .debug_ranges  0x0000000000000000       0x10 Core/Src/gpio.o
 .debug_ranges  0x0000000000000010       0x20 Core/Src/main.o
 .debug_ranges  0x0000000000000030       0x20 Core/Src/rtc.o
 .debug_ranges  0x0000000000000050       0x20 Core/Src/spi.o
 .debug_ranges  0x0000000000000070       0x10 Core/Src/stm32l0xx_hal_msp.o
 .debug_ranges  0x0000000000000080       0x48 Core/Src/stm32l0xx_it.o
 .debug_ranges  0x00000000000000c8       0x18 Core/Src/system_stm32l0xx.o
 .debug_ranges  0x00000000000000e0       0xa0 Core/Src/sx1276/lora.o
 .debug_ranges  0x0000000000000180       0xe8 Drivers/STM32L0xx_HAL_Driver/Src/stm32l0xx_hal.o
 .debug_ranges  0x0000000000000268       0xc8 Drivers/STM32L0xx_HAL_Driver/Src/stm32l0xx_hal_cortex.o
 .debug_ranges  0x0000000000000330       0x48 Drivers/STM32L0xx_HAL_Driver/Src/stm32l0xx_hal_gpio.o
 .debug_ranges  0x0000000000000378       0x90 Drivers/STM32L0xx_HAL_Driver/Src/stm32l0xx_hal_pwr.o
 .debug_ranges  0x0000000000000408       0xa0 Drivers/STM32L0xx_HAL_Driver/Src/stm32l0xx_hal_rcc.o
 .debug_ranges  0x00000000000004a8       0x60 Drivers/STM32L0xx_HAL_Driver/Src/stm32l0xx_hal_rcc_ex.o
 .debug_ranges  0x0000000000000508       0xa8 Drivers/STM32L0xx_HAL_Driver/Src/stm32l0xx_hal_rtc.o
 .debug_ranges  0x00000000000005b0      0x120 Drivers/STM32L0xx_HAL_Driver/Src/stm32l0xx_hal_rtc_ex.o
 .debug_ranges  0x00000000000006d0      0x1c0 Drivers/STM32L0xx_HAL_Driver/Src/stm32l0xx_hal_spi.o
 .debug_ranges  0x0000000000000890       0x20 startup/startup_stm32l071xx.o

.debug_macro    0x0000000000000000    0x13d37
 .debug_macro   0x0000000000000000      0x1e8 Core/Src/gpio.o
 .debug_macro   0x00000000000001e8      0xa4e Core/Src/gpio.o
 .debug_macro   0x0000000000000c36       0xa1 Core/Src/gpio.o
 .debug_macro   0x0000000000000cd7       0x2e Core/Src/gpio.o
 .debug_macro   0x0000000000000d05       0x28 Core/Src/gpio.o
 .debug_macro   0x0000000000000d2d       0x22 Core/Src/gpio.o
 .debug_macro   0x0000000000000d4f       0x8e Core/Src/gpio.o
 .debug_macro   0x0000000000000ddd       0x51 Core/Src/gpio.o
 .debug_macro   0x0000000000000e2e       0xef Core/Src/gpio.o
 .debug_macro   0x0000000000000f1d       0x6a Core/Src/gpio.o
 .debug_macro   0x0000000000000f87      0x1df Core/Src/gpio.o
 .debug_macro   0x0000000000001166       0x34 Core/Src/gpio.o
 .debug_macro   0x000000000000119a       0x26 Core/Src/gpio.o
 .debug_macro   0x00000000000011c0      0x44f Core/Src/gpio.o
 .debug_macro   0x000000000000160f     0x872d Core/Src/gpio.o
 .debug_macro   0x0000000000009d3c       0x3c Core/Src/gpio.o
 .debug_macro   0x0000000000009d78     0x352c Core/Src/gpio.o
 .debug_macro   0x000000000000d2a4      0x174 Core/Src/gpio.o
 .debug_macro   0x000000000000d418       0x4f Core/Src/gpio.o
 .debug_macro   0x000000000000d467      0x8ae Core/Src/gpio.o
 .debug_macro   0x000000000000dd15      0x807 Core/Src/gpio.o
 .debug_macro   0x000000000000e51c      0x13f Core/Src/gpio.o
 .debug_macro   0x000000000000e65b      0x1b5 Core/Src/gpio.o
 .debug_macro   0x000000000000e810      0x28e Core/Src/gpio.o
 .debug_macro   0x000000000000ea9e      0x1e9 Core/Src/gpio.o
 .debug_macro   0x000000000000ec87      0x13e Core/Src/gpio.o
 .debug_macro   0x000000000000edc5      0x4b5 Core/Src/gpio.o
 .debug_macro   0x000000000000f27a      0x22c Core/Src/gpio.o
 .debug_macro   0x000000000000f4a6       0x5b Core/Src/gpio.o
 .debug_macro   0x000000000000f501       0xa5 Core/Src/gpio.o
 .debug_macro   0x000000000000f5a6      0x18d Core/Src/gpio.o
 .debug_macro   0x000000000000f733       0x16 Core/Src/gpio.o
 .debug_macro   0x000000000000f749      0x30c Core/Src/gpio.o
 .debug_macro   0x000000000000fa55      0x418 Core/Src/gpio.o
 .debug_macro   0x000000000000fe6d       0xdd Core/Src/gpio.o
 .debug_macro   0x000000000000ff4a      0x22c Core/Src/gpio.o
 .debug_macro   0x0000000000010176      0x167 Core/Src/gpio.o
 .debug_macro   0x00000000000102dd       0x34 Core/Src/gpio.o
 .debug_macro   0x0000000000010311      0x21a Core/Src/main.o
 .debug_macro   0x000000000001052b       0x22 Core/Src/main.o
 .debug_macro   0x000000000001054d      0x795 Core/Src/main.o
 .debug_macro   0x0000000000010ce2     0x14ba Core/Src/main.o
 .debug_macro   0x000000000001219c       0x2e Core/Src/main.o
 .debug_macro   0x00000000000121ca      0x1e8 Core/Src/rtc.o
 .debug_macro   0x00000000000123b2      0x1e8 Core/Src/spi.o
 .debug_macro   0x000000000001259a      0x1e4 Core/Src/stm32l0xx_hal_msp.o
 .debug_macro   0x000000000001277e      0x1ee Core/Src/stm32l0xx_it.o
 .debug_macro   0x000000000001296c      0x1b9 Core/Src/system_stm32l0xx.o
 .debug_macro   0x0000000000012b25      0x20e Core/Src/sx1276/lora.o
 .debug_macro   0x0000000000012d33      0x1d7 Drivers/STM32L0xx_HAL_Driver/Src/stm32l0xx_hal.o
 .debug_macro   0x0000000000012f0a      0x1b3 Drivers/STM32L0xx_HAL_Driver/Src/stm32l0xx_hal_cortex.o
 .debug_macro   0x00000000000130bd      0x1eb Drivers/STM32L0xx_HAL_Driver/Src/stm32l0xx_hal_gpio.o
 .debug_macro   0x00000000000132a8      0x1cb Drivers/STM32L0xx_HAL_Driver/Src/stm32l0xx_hal_pwr.o
 .debug_macro   0x0000000000013473      0x1e9 Drivers/STM32L0xx_HAL_Driver/Src/stm32l0xx_hal_rcc.o
 .debug_macro   0x000000000001365c      0x1b3 Drivers/STM32L0xx_HAL_Driver/Src/stm32l0xx_hal_rcc_ex.o
 .debug_macro   0x000000000001380f      0x1b4 Drivers/STM32L0xx_HAL_Driver/Src/stm32l0xx_hal_rtc.o
 .debug_macro   0x00000000000139c3      0x1b9 Drivers/STM32L0xx_HAL_Driver/Src/stm32l0xx_hal_rtc_ex.o
 .debug_macro   0x0000000000013b7c      0x1bb Drivers/STM32L0xx_HAL_Driver/Src/stm32l0xx_hal_spi.o

.debug_line     0x0000000000000000     0x97a0
 .debug_line    0x0000000000000000      0x6e1 Core/Src/gpio.o
 .debug_line    0x00000000000006e1      0x76d Core/Src/main.o
 .debug_line    0x0000000000000e4e      0x72d Core/Src/rtc.o
 .debug_line    0x000000000000157b      0x70d Core/Src/spi.o
 .debug_line    0x0000000000001c88      0x6cb Core/Src/stm32l0xx_hal_msp.o
 .debug_line    0x0000000000002353      0x752 Core/Src/stm32l0xx_it.o
 .debug_line    0x0000000000002aa5      0x6da Core/Src/system_stm32l0xx.o
 .debug_line    0x000000000000317f      0x96e Core/Src/sx1276/lora.o
 .debug_line    0x0000000000003aed      0x8b9 Drivers/STM32L0xx_HAL_Driver/Src/stm32l0xx_hal.o
 .debug_line    0x00000000000043a6      0x87e Drivers/STM32L0xx_HAL_Driver/Src/stm32l0xx_hal_cortex.o
 .debug_line    0x0000000000004c24      0x80c Drivers/STM32L0xx_HAL_Driver/Src/stm32l0xx_hal_gpio.o
 .debug_line    0x0000000000005430      0x82d Drivers/STM32L0xx_HAL_Driver/Src/stm32l0xx_hal_pwr.o
 .debug_line    0x0000000000005c5d      0x9b3 Drivers/STM32L0xx_HAL_Driver/Src/stm32l0xx_hal_rcc.o
 .debug_line    0x0000000000006610      0x89d Drivers/STM32L0xx_HAL_Driver/Src/stm32l0xx_hal_rcc_ex.o
 .debug_line    0x0000000000006ead      0xa63 Drivers/STM32L0xx_HAL_Driver/Src/stm32l0xx_hal_rtc.o
 .debug_line    0x0000000000007910      0xd1a Drivers/STM32L0xx_HAL_Driver/Src/stm32l0xx_hal_rtc_ex.o
 .debug_line    0x000000000000862a     0x10f3 Drivers/STM32L0xx_HAL_Driver/Src/stm32l0xx_hal_spi.o
 .debug_line    0x000000000000971d       0x83 startup/startup_stm32l071xx.o

.debug_str      0x0000000000000000    0x7610c
 .debug_str     0x0000000000000000    0x6c1f6 Core/Src/gpio.o
                                      0x6c592 (size before relaxing)
 .debug_str     0x000000000006c1f6     0x7c24 Core/Src/main.o
                                      0x73fc3 (size before relaxing)
 .debug_str     0x0000000000073e1a      0x17f Core/Src/rtc.o
                                      0x6c6a1 (size before relaxing)
 .debug_str     0x0000000000073f99       0x5b Core/Src/spi.o
                                      0x6c41c (size before relaxing)
 .debug_str     0x0000000000073ff4       0x2c Core/Src/stm32l0xx_hal_msp.o
                                      0x6c317 (size before relaxing)
 .debug_str     0x0000000000074020       0xe9 Core/Src/stm32l0xx_it.o
                                      0x6c33c (size before relaxing)
 .debug_str     0x0000000000074109       0xa6 Core/Src/system_stm32l0xx.o
                                      0x6bd70 (size before relaxing)
 .debug_str     0x00000000000741af      0x25e Core/Src/sx1276/lora.o
                                      0x73edf (size before relaxing)
 .debug_str     0x000000000007440d      0x3e2 Drivers/STM32L0xx_HAL_Driver/Src/stm32l0xx_hal.o
                                      0x6c3ac (size before relaxing)
 .debug_str     0x00000000000747ef      0x276 Drivers/STM32L0xx_HAL_Driver/Src/stm32l0xx_hal_cortex.o
                                      0x6c1b7 (size before relaxing)
 .debug_str     0x0000000000074a65      0x1f9 Drivers/STM32L0xx_HAL_Driver/Src/stm32l0xx_hal_gpio.o
                                      0x6c020 (size before relaxing)
 .debug_str     0x0000000000074c5e      0x287 Drivers/STM32L0xx_HAL_Driver/Src/stm32l0xx_hal_pwr.o
                                      0x6bfec (size before relaxing)
 .debug_str     0x0000000000074ee5      0x2ac Drivers/STM32L0xx_HAL_Driver/Src/stm32l0xx_hal_rcc.o
                                      0x6c249 (size before relaxing)
 .debug_str     0x0000000000075191      0x120 Drivers/STM32L0xx_HAL_Driver/Src/stm32l0xx_hal_rcc_ex.o
                                      0x6bfa4 (size before relaxing)
 .debug_str     0x00000000000752b1      0x177 Drivers/STM32L0xx_HAL_Driver/Src/stm32l0xx_hal_rtc.o
                                      0x6c164 (size before relaxing)
 .debug_str     0x0000000000075428      0x753 Drivers/STM32L0xx_HAL_Driver/Src/stm32l0xx_hal_rtc_ex.o
                                      0x6c6b2 (size before relaxing)
 .debug_str     0x0000000000075b7b      0x562 Drivers/STM32L0xx_HAL_Driver/Src/stm32l0xx_hal_spi.o
                                      0x6c609 (size before relaxing)
 .debug_str     0x00000000000760dd       0x2f startup/startup_stm32l071xx.o
                                         0x53 (size before relaxing)

.comment        0x0000000000000000       0x7f
 .comment       0x0000000000000000       0x7f Core/Src/gpio.o
                                         0x80 (size before relaxing)
 .comment       0x000000000000007f       0x80 Core/Src/main.o
 .comment       0x000000000000007f       0x80 Core/Src/rtc.o
 .comment       0x000000000000007f       0x80 Core/Src/spi.o
 .comment       0x000000000000007f       0x80 Core/Src/stm32l0xx_hal_msp.o
 .comment       0x000000000000007f       0x80 Core/Src/stm32l0xx_it.o
 .comment       0x000000000000007f       0x80 Core/Src/system_stm32l0xx.o
 .comment       0x000000000000007f       0x80 Core/Src/sx1276/lora.o
 .comment       0x000000000000007f       0x80 Drivers/STM32L0xx_HAL_Driver/Src/stm32l0xx_hal.o
 .comment       0x000000000000007f       0x80 Drivers/STM32L0xx_HAL_Driver/Src/stm32l0xx_hal_cortex.o
 .comment       0x000000000000007f       0x80 Drivers/STM32L0xx_HAL_Driver/Src/stm32l0xx_hal_gpio.o
 .comment       0x000000000000007f       0x80 Drivers/STM32L0xx_HAL_Driver/Src/stm32l0xx_hal_pwr.o
 .comment       0x000000000000007f       0x80 Drivers/STM32L0xx_HAL_Driver/Src/stm32l0xx_hal_rcc.o
 .comment       0x000000000000007f       0x80 Drivers/STM32L0xx_HAL_Driver/Src/stm32l0xx_hal_rcc_ex.o
 .comment       0x000000000000007f       0x80 Drivers/STM32L0xx_HAL_Driver/Src/stm32l0xx_hal_rtc.o
 .comment       0x000000000000007f       0x80 Drivers/STM32L0xx_HAL_Driver/Src/stm32l0xx_hal_rtc_ex.o
 .comment       0x000000000000007f       0x80 Drivers/STM32L0xx_HAL_Driver/Src/stm32l0xx_hal_spi.o

.debug_frame    0x0000000000000000     0x187c
 .debug_frame   0x0000000000000000       0x30 Core/Src/gpio.o
 .debug_frame   0x0000000000000030       0x58 Core/Src/main.o
 .debug_frame   0x0000000000000088       0x5c Core/Src/rtc.o
 .debug_frame   0x00000000000000e4       0x5c Core/Src/spi.o
 .debug_frame   0x0000000000000140       0x20 Core/Src/stm32l0xx_hal_msp.o
 .debug_frame   0x0000000000000160       0xb0 Core/Src/stm32l0xx_it.o
 .debug_frame   0x0000000000000210       0x38 Core/Src/system_stm32l0xx.o
 .debug_frame   0x0000000000000248      0x208 Core/Src/sx1276/lora.o
 .debug_frame   0x0000000000000450      0x1f4 Drivers/STM32L0xx_HAL_Driver/Src/stm32l0xx_hal.o
 .debug_frame   0x0000000000000644      0x114 Drivers/STM32L0xx_HAL_Driver/Src/stm32l0xx_hal_cortex.o
 .debug_frame   0x0000000000000758       0xc8 Drivers/STM32L0xx_HAL_Driver/Src/stm32l0xx_hal_gpio.o
 .debug_frame   0x0000000000000820      0x138 Drivers/STM32L0xx_HAL_Driver/Src/stm32l0xx_hal_pwr.o
 .debug_frame   0x0000000000000958      0x144 Drivers/STM32L0xx_HAL_Driver/Src/stm32l0xx_hal_rcc.o
 .debug_frame   0x0000000000000a9c       0xb4 Drivers/STM32L0xx_HAL_Driver/Src/stm32l0xx_hal_rcc_ex.o
 .debug_frame   0x0000000000000b50      0x208 Drivers/STM32L0xx_HAL_Driver/Src/stm32l0xx_hal_rtc.o
 .debug_frame   0x0000000000000d58      0x38c Drivers/STM32L0xx_HAL_Driver/Src/stm32l0xx_hal_rtc_ex.o
 .debug_frame   0x00000000000010e4      0x550 Drivers/STM32L0xx_HAL_Driver/Src/stm32l0xx_hal_spi.o
 .debug_frame   0x0000000000001634       0x20 /home/thanhlt/Ac6/SystemWorkbench/plugins/fr.ac6.mcu.externaltools.arm-none.linux64_1.17.0.201812190825/tools/compiler/bin/../lib/gcc/arm-none-eabi/7.3.1/thumb/v6-m/libgcc.a(_udivsi3.o)
 .debug_frame   0x0000000000001654       0x2c /home/thanhlt/Ac6/SystemWorkbench/plugins/fr.ac6.mcu.externaltools.arm-none.linux64_1.17.0.201812190825/tools/compiler/bin/../lib/gcc/arm-none-eabi/7.3.1/thumb/v6-m/libgcc.a(_fixunsdfsi.o)
 .debug_frame   0x0000000000001680       0x3c /home/thanhlt/Ac6/SystemWorkbench/plugins/fr.ac6.mcu.externaltools.arm-none.linux64_1.17.0.201812190825/tools/compiler/bin/../lib/gcc/arm-none-eabi/7.3.1/thumb/v6-m/libgcc.a(divdf3.o)
 .debug_frame   0x00000000000016bc       0x3c /home/thanhlt/Ac6/SystemWorkbench/plugins/fr.ac6.mcu.externaltools.arm-none.linux64_1.17.0.201812190825/tools/compiler/bin/../lib/gcc/arm-none-eabi/7.3.1/thumb/v6-m/libgcc.a(muldf3.o)
 .debug_frame   0x00000000000016f8       0x3c /home/thanhlt/Ac6/SystemWorkbench/plugins/fr.ac6.mcu.externaltools.arm-none.linux64_1.17.0.201812190825/tools/compiler/bin/../lib/gcc/arm-none-eabi/7.3.1/thumb/v6-m/libgcc.a(subdf3.o)
 .debug_frame   0x0000000000001734       0x2c /home/thanhlt/Ac6/SystemWorkbench/plugins/fr.ac6.mcu.externaltools.arm-none.linux64_1.17.0.201812190825/tools/compiler/bin/../lib/gcc/arm-none-eabi/7.3.1/thumb/v6-m/libgcc.a(fixdfsi.o)
 .debug_frame   0x0000000000001760       0x28 /home/thanhlt/Ac6/SystemWorkbench/plugins/fr.ac6.mcu.externaltools.arm-none.linux64_1.17.0.201812190825/tools/compiler/bin/../lib/gcc/arm-none-eabi/7.3.1/thumb/v6-m/libgcc.a(floatunsidf.o)
 .debug_frame   0x0000000000001788       0x38 /home/thanhlt/Ac6/SystemWorkbench/plugins/fr.ac6.mcu.externaltools.arm-none.linux64_1.17.0.201812190825/tools/compiler/bin/../lib/gcc/arm-none-eabi/7.3.1/thumb/v6-m/libgcc.a(eqdf2.o)
 .debug_frame   0x00000000000017c0       0x38 /home/thanhlt/Ac6/SystemWorkbench/plugins/fr.ac6.mcu.externaltools.arm-none.linux64_1.17.0.201812190825/tools/compiler/bin/../lib/gcc/arm-none-eabi/7.3.1/thumb/v6-m/libgcc.a(gedf2.o)
 .debug_frame   0x00000000000017f8       0x38 /home/thanhlt/Ac6/SystemWorkbench/plugins/fr.ac6.mcu.externaltools.arm-none.linux64_1.17.0.201812190825/tools/compiler/bin/../lib/gcc/arm-none-eabi/7.3.1/thumb/v6-m/libgcc.a(ledf2.o)
 .debug_frame   0x0000000000001830       0x2c /home/thanhlt/Ac6/SystemWorkbench/plugins/fr.ac6.mcu.externaltools.arm-none.linux64_1.17.0.201812190825/tools/compiler/bin/../lib/gcc/arm-none-eabi/7.3.1/../../../../arm-none-eabi/lib/thumb/v6-m/libc_nano.a(lib_a-init.o)
 .debug_frame   0x000000000000185c       0x20 /home/thanhlt/Ac6/SystemWorkbench/plugins/fr.ac6.mcu.externaltools.arm-none.linux64_1.17.0.201812190825/tools/compiler/bin/../lib/gcc/arm-none-eabi/7.3.1/../../../../arm-none-eabi/lib/thumb/v6-m/libc_nano.a(lib_a-memset.o)

.debug_loc      0x0000000000000000     0x5556
 .debug_loc     0x0000000000000000       0x74 Core/Src/rtc.o
 .debug_loc     0x0000000000000074       0x71 Core/Src/spi.o
 .debug_loc     0x00000000000000e5      0x1a2 Core/Src/system_stm32l0xx.o
 .debug_loc     0x0000000000000287      0x7ff Core/Src/sx1276/lora.o
 .debug_loc     0x0000000000000a86      0x12c Drivers/STM32L0xx_HAL_Driver/Src/stm32l0xx_hal.o
 .debug_loc     0x0000000000000bb2      0x3b4 Drivers/STM32L0xx_HAL_Driver/Src/stm32l0xx_hal_cortex.o
 .debug_loc     0x0000000000000f66      0x2d1 Drivers/STM32L0xx_HAL_Driver/Src/stm32l0xx_hal_gpio.o
 .debug_loc     0x0000000000001237      0x101 Drivers/STM32L0xx_HAL_Driver/Src/stm32l0xx_hal_pwr.o
 .debug_loc     0x0000000000001338      0x576 Drivers/STM32L0xx_HAL_Driver/Src/stm32l0xx_hal_rcc.o
 .debug_loc     0x00000000000018ae      0x87b Drivers/STM32L0xx_HAL_Driver/Src/stm32l0xx_hal_rcc_ex.o
 .debug_loc     0x0000000000002129      0x9db Drivers/STM32L0xx_HAL_Driver/Src/stm32l0xx_hal_rtc.o
 .debug_loc     0x0000000000002b04      0xdbc Drivers/STM32L0xx_HAL_Driver/Src/stm32l0xx_hal_rtc_ex.o
 .debug_loc     0x00000000000038c0     0x1c96 Drivers/STM32L0xx_HAL_Driver/Src/stm32l0xx_hal_spi.o
